// Jest Snapshot v1, https://goo.gl/fbAQLP

exports[`AssetsValues Should render 1`] = `
"<div class="v-table v-table--has-top v-table--has-bottom v-theme--light v-table--density-default v-data-table h-100" data-testid="assets-values-data-table">
  <div flat="">
    <div class="ms-3 me-3" size="large">mdi-invoice-text-clock</div>
    <div class="d-none d-md-block ms-0">Test Statements</div>
    <div class="w-25">
      <div class="v-input v-input--horizontal v-input--center-affix v-input--density-compact v-theme--light v-locale--is-ltr v-text-field" data-testid="assets-values-search-input">
        <!---->
        <div class="v-input__control">
          <div class="v-field v-field--appended v-field--center-affix v-field--persistent-clear v-field--prepended v-field--single-line v-field--variant-filled v-theme--light v-locale--is-ltr">
            <div class="v-field__overlay"></div>
            <div class="v-field__loader">
              <div class="v-progress-linear v-theme--light v-locale--is-ltr" style="top: 0px; height: 0px; --v-progress-linear-height: 2px;" role="progressbar" aria-hidden="true" aria-valuemin="0" aria-valuemax="100">
                <!---->
                <div class="v-progress-linear__background"></div>
                <div class="v-progress-linear__buffer" style="width: 0%;"></div>
                <transition-stub name="fade-transition" appear="false" persisted="false" css="true">
                  <div class="v-progress-linear__indeterminate">
                    <div class="v-progress-linear__indeterminate long"></div>
                    <div class="v-progress-linear__indeterminate short"></div>
                  </div>
                </transition-stub>
                <!---->
              </div>
            </div>
            <div class="v-field__prepend-inner">
              <div icon="mdi-magnify"></div>
              <!---->
            </div>
            <div class="v-field__field" data-no-activator="">
              <!----><label class="v-label v-field-label" for="input-0">
                <!---->search
              </label>
              <!----><input size="1" type="text" id="input-0" aria-describedby="input-0-messages" class="v-field__input" value="">
              <!---->
            </div>
            <transition-stub name="expand-x-transition" appear="false" persisted="false" css="true">
              <div class="v-field__clearable" style="display: none;">
                <div icon="mdi-close" aria-label="Clear search"></div>
              </div>
            </transition-stub>
            <div class="v-field__append-inner">
              <!---->
              <!---->
            </div>
            <div class="v-field__outline">
              <!---->
              <!---->
            </div>
          </div>
        </div>
        <!---->
        <!---->
      </div>
    </div>
    <v-divider-stub class="ms-3 me-3" vertical=""></v-divider-stub>
    <v-btn-stub data-testid="assets-values-add-button" class="me-2" color="primary-darken-3"></v-btn-stub>
  </div>
  <div class="v-table__wrapper">
    <table>
      <!---->
      <thead>
        <tr>
          <th class="v-data-table__td v-data-table-column--align-start v-data-table__th--sortable v-data-table__th v-data-table__th--sticky" style="width: 90px; max-width: 90px; position: sticky;" colspan="1" rowspan="1">
            <div class="v-data-table-header__content"><span>date.title</span>
              <div class="v-data-table-header__sort-icon" icon="mdi-triangle-small-up"></div>
              <!---->
            </div>
          </th>
          <th class="v-data-table__td v-data-table-column--align-start v-data-table__th--sortable v-data-table__th v-data-table__th--sticky" style="min-width: 200px; position: sticky;" colspan="1" rowspan="1">
            <div class="v-data-table-header__content"><span>assets.1</span>
              <div class="v-data-table-header__sort-icon" icon="mdi-triangle-small-up"></div>
              <!---->
            </div>
          </th>
          <th class="v-data-table__td v-data-table-column--align-end v-data-table__th--sortable v-data-table__th v-data-table__th--sticky" style="width: 90px; max-width: 130px; position: sticky;" colspan="1" rowspan="1">
            <div class="v-data-table-header__content"><span>assets.amount</span>
              <div class="v-data-table-header__sort-icon" icon="mdi-triangle-small-up"></div>
              <!---->
            </div>
          </th>
        </tr>
        <!---->
      </thead>
      <!---->
      <tbody>
        <!---->
        <tr class="v-data-table__tr">
          <td class="v-data-table__td v-data-table-column--align-start" style="width: 90px; max-width: 90px;">1/1/2023</td>
          <td class="v-data-table__td v-data-table-column--align-start">Asset 1 (A1)</td>
          <td class="v-data-table__td v-data-table-column--align-end" style="width: 90px; max-width: 130px;">100</td>
        </tr>
        <!---->
        <tr class="v-data-table__tr">
          <td class="v-data-table__td v-data-table-column--align-start" style="width: 90px; max-width: 90px;">1/1/2023</td>
          <td class="v-data-table__td v-data-table-column--align-start">Asset 2 (A2)</td>
          <td class="v-data-table__td v-data-table-column--align-end" style="width: 90px; max-width: 130px;">200</td>
        </tr>
        <!---->
        <tr class="v-data-table__tr">
          <td class="v-data-table__td v-data-table-column--align-start" style="width: 90px; max-width: 90px;">1/1/2023</td>
          <td class="v-data-table__td v-data-table-column--align-start">Asset 23 (A3)</td>
          <td class="v-data-table__td v-data-table-column--align-end" style="width: 90px; max-width: 130px;">300</td>
        </tr>
        <!---->
        <!---->
      </tbody>
      <!---->
      <!---->
    </table>
  </div>
  <v-divider-stub inset="false" vertical="false"></v-divider-stub>
  <div class="v-data-table-footer">
    <!---->
    <div class="v-data-table-footer__items-per-page"><span>Items per page:</span>
      <div class="v-input v-input--horizontal v-input--center-affix v-input--density-compact v-theme--light v-locale--is-ltr v-input--dirty v-text-field v-select v-select--single v-select--selected">
        <!---->
        <div class="v-input__control">
          <div class="v-field v-field--active v-field--appended v-field--center-affix v-field--dirty v-field--no-label v-field--variant-outlined v-theme--light v-locale--is-ltr" role="combobox">
            <div class="v-field__overlay"></div>
            <div class="v-field__loader">
              <div class="v-progress-linear v-theme--light v-locale--is-ltr" style="top: 0px; height: 0px; --v-progress-linear-height: 2px;" role="progressbar" aria-hidden="true" aria-valuemin="0" aria-valuemax="100">
                <!---->
                <div class="v-progress-linear__background"></div>
                <div class="v-progress-linear__buffer" style="width: 0%;"></div>
                <transition-stub name="fade-transition" appear="false" persisted="false" css="true">
                  <div class="v-progress-linear__indeterminate">
                    <div class="v-progress-linear__indeterminate long"></div>
                    <div class="v-progress-linear__indeterminate short"></div>
                  </div>
                </transition-stub>
                <!---->
              </div>
            </div>
            <!---->
            <div class="v-field__field" data-no-activator="">
              <!----><label class="v-label v-field-label" for="input-2">
                <!---->
                <!---->
              </label>
              <!---->
              <div class="v-field__input" data-no-activator="">
                <!---->
                <!---->
                <div class="v-select__selection"><span class="v-select__selection-text">10<!----></span></div><input size="1" type="text" id="input-2" aria-describedby="input-2-messages" inputmode="none" aria-label="Open" title="Open" value="10">
              </div>
              <!---->
            </div>
            <!---->
            <div class="v-field__append-inner">
              <!---->
              <div class="v-select__menu-icon" icon="$dropdown"></div>
              <!---->
            </div>
            <div class="v-field__outline">
              <div class="v-field__outline__start"></div>
              <!---->
              <div class="v-field__outline__end"></div>
              <!---->
            </div>
          </div>
        </div>
        <!---->
        <!---->
      </div>
    </div>
    <div class="v-data-table-footer__info">
      <div>1-3 of 3</div>
    </div>
    <div class="v-data-table-footer__pagination">
      <div modelvalue="1" density="comfortable" first-aria-label="$vuetify.dataFooter.firstPage" last-aria-label="$vuetify.dataFooter.lastPage" length="1" next-aria-label="$vuetify.dataFooter.nextPage" previous-aria-label="$vuetify.dataFooter.prevPage" rounded="true" show-first-last-page="true" total-visible="0" variant="plain" firsticon="$first" previcon="$prev" nexticon="$next" lasticon="$last"></div>
    </div>
  </div>
</div>
<form-dialog-stub opened="false" params="[object Object]" show-reset-button="false" title=""></form-dialog-stub>"
`;
